[0;32mI ï¿½ets Jun  8 2016 00:22:57

rst:0x1 (POWERON_RESET),boot:0x12 (SPI_FAST_FLASH_BOOT)
configsip: 0, SPIWP:0xee
clk_drv:0x00,q_drv:0x00,d_drv:0x00,cs0_drv:0x00,hd_drv:0x00,wp_drv:0x00
mode:DIO, clock div:2
load:0x3fff0030,len:7172
load:0x40078000,len:15540
load:0x40080400,len:4
ho 8 tail 4 room 4
load:0x40080404,len:3904
entry 0x40080640
[0;32mI (30) boot: ESP-IDF v5.2.1-dirty 2nd stage bootloader[0m
[0;32mI (30) boot: compile time Jun 18 2024 20:55:09[0m
[0;32mI (30) boot: Multicore bootloader[0m
[0;32mI (35) boot: chip revision: v1.0[0m
[0;32mI (39) boot.esp32: SPI Speed      : 40MHz[0m
[0;32mI (43) boot.esp32: SPI Mode       : DIO[0m
[0;32mI (48) boot.esp32: SPI Flash Size : 2MB[0m
[0;32mI (52) boot: Enabling RNG early entropy source...[0m
[0;32mI (58) boot: Partition Table:[0m
[0;32mI (61) boot: ## Label            Usage          Type ST Offset   Length[0m
[0;32mI (69) boot:  0 nvs              WiFi data        01 02 00009000 00006000[0m
[0;32mI (76) boot:  1 phy_init         RF data          01 01 0000f000 00001000[0m
[0;32mI (83) boot:  2 factory          factory app      00 00 00010000 00100000[0m
[0;32mI (91) boot: End of partition table[0m
[0;32mI (95) esp_image: segment 0: paddr=00010020 vaddr=3f400020 size=09784h ( 38788) map[0m
[0;32mI (117) esp_image: segment 1: paddr=000197ac vaddr=3ffb0000 size=0220ch (  8716) load[0m
[0;32mI (120) esp_image: segment 2: paddr=0001b9c0 vaddr=40080000 size=04658h ( 18008) load[0m
[0;32mI (130) esp_image: segment 3: paddr=00020020 vaddr=400d0020 size=13d9ch ( 81308) map[0m
[0;32mI (159) esp_image: segment 4: paddr=00033dc4 vaddr=40084658 size=0816ch ( 33132) load[0m
[0;32mI (179) boot: Loaded app from partition at offset 0x10000[0m
[0;32mI (179) boot: Disabling RNG early entropy source...[0m
[0;32mI (190) cpu_start: Multicore app[0m
[0;32mI (199) cpu_start: Pro cpu start user code[0m
[0;32mI (199) cpu_start: cpu freq: 160000000 Hz[0m
[0;32mI (199) cpu_start: Application information:[0m
[0;32mI (202) cpu_start: Project name:     9x5LedShield[0m
[0;32mI (207) cpu_start: App version:      1[0m
[0;32mI (212) cpu_start: Compile time:     Jun 18 2024 20:55:04[0m
[0;32mI (218) cpu_start: ELF file SHA256:  5236fd212...[0m
[0;32mI (223) cpu_start: ESP-IDF:          v5.2.1-dirty[0m
[0;32mI (229) cpu_start: Min chip rev:     v0.0[0m
[0;32mI (233) cpu_start: Max chip rev:     v3.99 [0m
[0;32mI (238) cpu_start: Chip rev:         v1.0[0m
[0;32mI (243) heap_init: Initializing. RAM available for dynamic allocation:[0m
[0;32mI (250) heap_init: At 3FFAE6E0 len 00001920 (6 KiB): DRAM[0m
[0;32mI (256) heap_init: At 3FFB2BD0 len 0002D430 (181 KiB): DRAM[0m
[0;32mI (262) heap_init: At 3FFE0440 len 00003AE0 (14 KiB): D/IRAM[0m
[0;32mI (269) heap_init: At 3FFE4350 len 0001BCB0 (111 KiB): D/IRAM[0m
[0;32mI (275) heap_init: At 4008C7C4 len 0001383C (78 KiB): IRAM[0m
[0;32mI (283) spi_flash: detected chip: gd[0m
[0;32mI (286) spi_flash: flash io: dio[0m
[0;33mW (290) spi_flash: Detected size(4096k) larger than the size in the binary image header(2048k). Using the size in the binary image header.[0m
[0;32mI (303) main_task: Started on CPU0[0m
[0;32mI (313) main_task: Calling app_main()[0m
[0;32mI (313) main: Starting app_main()[0m
[0;32mI (313) 9x5shield: Creating Timer[0m
[0;32mI (313) 9x5shield: 9x5shield Message: HELLO 9X5 SHIELD![0m
[0;32mI (323) 9x5shield: H[0m
[0;32mI (323) 9x5shield: E[0m
[0;32mI (323) 9x5shield: L[0m
[0;32mI (333) 9x5shield: L[0m
[0;32mI (333) 9x5shield: O[0m
[0;32mI (333) 9x5shield:  [0m
[0;32mI (333) 9x5shield: 9[0m
[0;32mI (343) 9x5shield: X[0m
[0;32mI (343) 9x5shield: 5[0m
[0;32mI (343) 9x5shield:  [0m
[0;32mI (353) 9x5shield: S[0m
[0;32mI (353) 9x5shield: H[0m
[0;32mI (353) 9x5shield: I[0m
[0;32mI (353) 9x5shield: E[0m
[0;32mI (363) 9x5shield: L[0m
[0;32mI (363) 9x5shield: D[0m
[0;32mI (363) 9x5shield: ![0m
[0;32mI (373) main_task: Returned from app_main()[0m
